    1: [%?*@
    2: 9*Z*P*P
    3: Byte
    4: Byte
